#-----------------------------------------------------------
# Vivado v2024.2 (64-bit)
# SW Build 5239630 on Fri Nov 08 22:35:27 MST 2024
# IP Build 5239520 on Sun Nov 10 16:12:51 MST 2024
# SharedData Build 5239561 on Fri Nov 08 14:39:27 MST 2024
# Start of session at: Wed Apr  1 16:08:54 2026
# Process ID         : 2792
# Current directory  : C:/Users/ZY/Desktop/riscv-cpu-jyd/digital_twin/digital_twin.runs/pll_synth_1
# Command line       : vivado.exe -log pll.vds -product Vivado -mode batch -messageDb vivado.pb -notrace -source pll.tcl
# Log file           : C:/Users/ZY/Desktop/riscv-cpu-jyd/digital_twin/digital_twin.runs/pll_synth_1/pll.vds
# Journal file       : C:/Users/ZY/Desktop/riscv-cpu-jyd/digital_twin/digital_twin.runs/pll_synth_1\vivado.jou
# Running On         : ZY
# Platform           : Windows Server 2016 or Windows 10
# Operating System   : 22631
# Processor Detail   : AMD Ryzen 7 6800HS Creator Edition
# CPU Frequency      : 3194 MHz
# CPU Physical cores : 8
# CPU Logical cores  : 16
# Host memory        : 14702 MB
# Swap memory        : 4831 MB
# Total Virtual      : 19533 MB
# Available Virtual  : 4255 MB
#-----------------------------------------------------------
source pll.tcl -notrace
